"/mnt/c/Users/vijay/Desktop/k8s-operator/bin/controller-gen" rbac:roleName=manager-role crd webhook paths="./..." output:crd:artifacts:config=config/crd/bases
"/mnt/c/Users/vijay/Desktop/k8s-operator/bin/controller-gen" object:headerFile="hack/boilerplate.go.txt" paths="./..."
go fmt ./...
internal/controller/sharedresource_drift_test.go
go vet ./...
Setting up envtest binaries for Kubernetes version 1.34...
/mnt/c/Users/vijay/Desktop/k8s-operator/bin/k8s/1.34.1-linux-amd64KUBEBUILDER_ASSETS="/mnt/c/Users/vijay/Desktop/k8s-operator/bin/k8s/1.34.1-linux-amd64" go test $(go list ./... | grep -v /e2e) -coverprofile cover.out
	github.com/vijay-papanaboina/sharedresource-operator/api/v1alpha1		coverage: 0.0% of statements
	github.com/vijay-papanaboina/sharedresource-operator/cmd		coverage: 0.0% of statements
ok  	github.com/vijay-papanaboina/sharedresource-operator/internal/controller	25.232s	coverage: 80.9% of statements
	github.com/vijay-papanaboina/sharedresource-operator/test/utils		coverage: 0.0% of statements
